[debug] [2026-08-15T01:30:40.933Z] ----------------------------------------------------------------------
[debug] [2026-08-15T01:30:40.937Z] Command:       /usr/local/bin/node /usr/local/bin/firebase deploy --only hosting
[debug] [2026-08-15T01:30:40.937Z] CLI Version:   15.24.0
[debug] [2026-08-15T01:30:40.937Z] Platform:      linux
[debug] [2026-08-15T01:30:40.938Z] Node Version:  v22.23.1
[debug] [2026-08-15T01:30:40.938Z] Detected Agent: unknown
[debug] [2026-08-15T01:30:40.938Z] Time:          Sat Aug 15 2026 01:30:40 GMT+0000 (Coordinated Universal Time)
[debug] [2026-08-15T01:30:40.938Z] ----------------------------------------------------------------------
[debug] 
[debug] [2026-08-15T01:30:40.969Z] >>> [apiv2][query] GET https://firebase-public.firebaseio.com/cli.json [none]
[debug] [2026-08-15T01:30:45.626Z] > command requires scopes: ["email","openid","https://www.googleapis.com/auth/cloudplatformprojects.readonly","https://www.googleapis.com/auth/firebase","https://www.googleapis.com/auth/cloud-platform"]
[debug] [2026-08-15T01:30:45.676Z] Running auto auth
[debug] [2026-08-15T01:30:45.680Z] [iam] checking project brainquiz-ai-app for permissions ["firebase.projects.get","firebasehosting.sites.update"]
[debug] [2026-08-15T01:30:45.681Z] No OAuth tokens found
[debug] [2026-08-15T01:30:45.682Z] >>> [apiv2][query] POST https://cloudresourcemanager.googleapis.com/v1/projects/brainquiz-ai-app:testIamPermissions [none]
[debug] [2026-08-15T01:30:45.682Z] >>> [apiv2][(partial)header] POST https://cloudresourcemanager.googleapis.com/v1/projects/brainquiz-ai-app:testIamPermissions  x-goog-user-project=brainquiz-ai-app
[debug] [2026-08-15T01:30:45.682Z] >>> [apiv2][body] POST https://cloudresourcemanager.googleapis.com/v1/projects/brainquiz-ai-app:testIamPermissions {"permissions":["firebase.projects.get","firebasehosting.sites.update"]}
[debug] [2026-08-15T01:30:46.113Z] <<< [apiv2][status] GET https://firebase-public.firebaseio.com/cli.json 200
[debug] [2026-08-15T01:30:46.113Z] <<< [apiv2][body] GET https://firebase-public.firebaseio.com/cli.json {"cloudBuildErrorAfter":1594252800000,"cloudBuildWarnAfter":1590019200000,"defaultNode10After":1594252800000,"minVersion":"3.0.5","node8DeploysDisabledAfter":1613390400000,"node8RuntimeDisabledAfter":1615809600000,"node8WarnAfter":1600128000000}
[debug] [2026-08-15T01:30:46.942Z] <<< [apiv2][status] POST https://cloudresourcemanager.googleapis.com/v1/projects/brainquiz-ai-app:testIamPermissions 403
[debug] [2026-08-15T01:30:46.942Z] <<< [apiv2][body] POST https://cloudresourcemanager.googleapis.com/v1/projects/brainquiz-ai-app:testIamPermissions {"error":{"code":403,"message":"Caller does not have required permission to use project brainquiz-ai-app. Grant the caller the roles/serviceusage.serviceUsageConsumer role, or a custom role with the serviceusage.services.use permission, by visiting https://console.developers.google.com/iam-admin/iam?project=brainquiz-ai-app and then retry. Propagation of the new permission may take a few minutes.","status":"PERMISSION_DENIED","details":[{"@type":"type.googleapis.com/google.rpc.ErrorInfo","reason":"USER_PROJECT_DENIED","domain":"googleapis.com","metadata":{"consoleUrl":"https://console.developers.google.com/iam-admin/iam?project=brainquiz-ai-app","containerInfo":"brainquiz-ai-app","consumer":"projects/brainquiz-ai-app","service":"cloudresourcemanager.googleapis.com"}},{"@type":"type.googleapis.com/google.rpc.LocalizedMessage","locale":"en-US","message":"Caller does not have required permission to use project brainquiz-ai-app. Grant the caller the roles/serviceusage.serviceUsageConsumer role, or a custom role with the serviceusage.services.use permission, by visiting https://console.developers.google.com/iam-admin/iam?project=brainquiz-ai-app and then retry. Propagation of the new permission may take a few minutes."},{"@type":"type.googleapis.com/google.rpc.Help","links":[{"description":"Google developer console IAM admin","url":"https://console.developers.google.com/iam-admin/iam?project=brainquiz-ai-app"}]}]}}
[debug] [2026-08-15T01:30:46.943Z] [iam] error while checking permissions, command may fail: Request to https://cloudresourcemanager.googleapis.com/v1/projects/brainquiz-ai-app:testIamPermissions had HTTP Error: 403, Caller does not have required permission to use project brainquiz-ai-app. Grant the caller the roles/serviceusage.serviceUsageConsumer role, or a custom role with the serviceusage.services.use permission, by visiting https://console.developers.google.com/iam-admin/iam?project=brainquiz-ai-app and then retry. Propagation of the new permission may take a few minutes.
[debug] [2026-08-15T01:30:46.944Z] No OAuth tokens found
[debug] [2026-08-15T01:30:46.945Z] >>> [apiv2][query] GET https://firebase.googleapis.com/v1beta1/projects/brainquiz-ai-app [none]
[debug] [2026-08-15T01:30:47.315Z] <<< [apiv2][status] GET https://firebase.googleapis.com/v1beta1/projects/brainquiz-ai-app 403
[debug] [2026-08-15T01:30:47.315Z] <<< [apiv2][body] GET https://firebase.googleapis.com/v1beta1/projects/brainquiz-ai-app {"error":{"code":403,"message":"Firebase Management API has not been used in project 1047242078803 before or it is disabled. Enable it by visiting https://console.developers.google.com/apis/api/firebase.googleapis.com/overview?project=1047242078803 then retry. If you enabled this API recently, wait a few minutes for the action to propagate to our systems and retry.","status":"PERMISSION_DENIED","details":[{"@type":"type.googleapis.com/google.rpc.ErrorInfo","reason":"SERVICE_DISABLED","domain":"googleapis.com","metadata":{"activationUrl":"https://console.developers.google.com/apis/api/firebase.googleapis.com/overview?project=1047242078803","consumer":"projects/1047242078803","serviceTitle":"Firebase Management API","service":"firebase.googleapis.com","containerInfo":"1047242078803"}},{"@type":"type.googleapis.com/google.rpc.LocalizedMessage","locale":"en-US","message":"Firebase Management API has not been used in project 1047242078803 before or it is disabled. Enable it by visiting https://console.developers.google.com/apis/api/firebase.googleapis.com/overview?project=1047242078803 then retry. If you enabled this API recently, wait a few minutes for the action to propagate to our systems and retry."},{"@type":"type.googleapis.com/google.rpc.Help","links":[{"description":"Google developers console API activation","url":"https://console.developers.google.com/apis/api/firebase.googleapis.com/overview?project=1047242078803"}]}]}}
[debug] [2026-08-15T01:30:47.316Z] Request to https://firebase.googleapis.com/v1beta1/projects/brainquiz-ai-app had HTTP Error: 403, Firebase Management API has not been used in project 1047242078803 before or it is disabled. Enable it by visiting https://console.developers.google.com/apis/api/firebase.googleapis.com/overview?project=1047242078803 then retry. If you enabled this API recently, wait a few minutes for the action to propagate to our systems and retry.
[debug] [2026-08-15T01:30:47.317Z] FirebaseError: Request to https://firebase.googleapis.com/v1beta1/projects/brainquiz-ai-app had HTTP Error: 403, Firebase Management API has not been used in project 1047242078803 before or it is disabled. Enable it by visiting https://console.developers.google.com/apis/api/firebase.googleapis.com/overview?project=1047242078803 then retry. If you enabled this API recently, wait a few minutes for the action to propagate to our systems and retry.
    at responseToError (/usr/local/lib/node_modules/firebase-tools/lib/responseToError.js:53:12)
    at RetryOperation._fn (/usr/local/lib/node_modules/firebase-tools/lib/apiv2.js:415:77)
    at process.processTicksAndRejections (node:internal/process/task_queues:103:5)
[error] 
[error] Error: Failed to get Firebase project brainquiz-ai-app. Please make sure the project exists and your account has permission to access it.
